// Jest Snapshot v1, https://goo.gl/fbAQLP

exports[`should render LoginPage component 1`] = `ShallowWrapper {}`;
