// Jest Snapshot v1, https://goo.gl/fbAQLP

exports[`should render RegisterPage component 1`] = `ShallowWrapper {}`;
